// Jest Snapshot v1, https://goo.gl/fbAQLP

exports[`Dummy Test Deve renderizar o componente 1`] = `
<div>
  <span>
    Hello
  </span>
</div>
`;
